prisma/seed.ts(30,7): error TS2322: Type '{ number: number; title: string; summary: string; yearsCovered: string; id: string; }' is not assignable to type '(Without<ChapterCreateInput, ChapterUncheckedCreateInput> & ChapterUncheckedCreateInput) | (Without<...> & ChapterCreateInput)'.
  Type '{ number: number; title: string; summary: string; yearsCovered: string; id: string; }' is not assignable to type 'Without<ChapterUncheckedCreateInput, ChapterCreateInput> & ChapterCreateInput'.
    Property 'user' is missing in type '{ number: number; title: string; summary: string; yearsCovered: string; id: string; }' but required in type 'ChapterCreateInput'.
prisma/seed.ts(52,7): error TS2322: Type '{ id: string; label: string; startYear: number; endYear: number; description: string; }' is not assignable to type '(Without<TraumaCycleCreateInput, TraumaCycleUncheckedCreateInput> & TraumaCycleUncheckedCreateInput) | (Without<...> & TraumaCycleCreateInput)'.
  Type '{ id: string; label: string; startYear: number; endYear: number; description: string; }' is not assignable to type 'Without<TraumaCycleUncheckedCreateInput, TraumaCycleCreateInput> & TraumaCycleCreateInput'.
    Property 'user' is missing in type '{ id: string; label: string; startYear: number; endYear: number; description: string; }' but required in type 'TraumaCycleCreateInput'.
prisma/seed.ts(68,7): error TS2322: Type '{ id: string; title: string; artist: string; era: string; keyLyric: string; notes: string; }' is not assignable to type '(Without<SongCreateInput, SongUncheckedCreateInput> & SongUncheckedCreateInput) | (Without<...> & SongCreateInput)'.
  Type '{ id: string; title: string; artist: string; era: string; keyLyric: string; notes: string; }' is not assignable to type 'Without<SongUncheckedCreateInput, SongCreateInput> & SongCreateInput'.
    Property 'user' is missing in type '{ id: string; title: string; artist: string; era: string; keyLyric: string; notes: string; }' but required in type 'SongCreateInput'.
src/routes/auth.ts(165,23): error TS2448: Block-scoped variable 'requireAuth' used before its declaration.
src/routes/auth.ts(165,23): error TS2454: Variable 'requireAuth' is used before being assigned.
src/routes/chapterOrganizer.ts(184,11): error TS2322: Type '{ number: number; title: string; }' is not assignable to type '(Without<ChapterCreateInput, ChapterUncheckedCreateInput> & ChapterUncheckedCreateInput) | (Without<...> & ChapterCreateInput)'.
  Type '{ number: number; title: string; }' is not assignable to type 'Without<ChapterUncheckedCreateInput, ChapterCreateInput> & ChapterCreateInput'.
    Property 'user' is missing in type '{ number: number; title: string; }' but required in type 'ChapterCreateInput'.
src/routes/chatgptImport.ts(255,11): error TS2322: Type '{ type: string; sourceSystem: string; shortDescription: string; transcribedText: string; importedFrom: string; }' is not assignable to type '(Without<ArtifactCreateInput, ArtifactUncheckedCreateInput> & ArtifactUncheckedCreateInput) | (Without<...> & ArtifactCreateInput)'.
  Type '{ type: string; sourceSystem: string; shortDescription: string; transcribedText: string; importedFrom: string; }' is not assignable to type 'Without<ArtifactUncheckedCreateInput, ArtifactCreateInput> & ArtifactCreateInput'.
    Property 'user' is missing in type '{ type: string; sourceSystem: string; shortDescription: string; transcribedText: string; importedFrom: string; }' but required in type 'ArtifactCreateInput'.
src/routes/chatgptImport.ts(273,11): error TS2322: Type '{ title: string; date: Date; summary: string; notes: string; emotionTags: string; }' is not assignable to type '(Without<EventCreateInput, EventUncheckedCreateInput> & EventUncheckedCreateInput) | (Without<...> & EventCreateInput)'.
  Type '{ title: string; date: Date; summary: string; notes: string; emotionTags: string; }' is not assignable to type 'Without<EventUncheckedCreateInput, EventCreateInput> & EventCreateInput'.
    Property 'user' is missing in type '{ title: string; date: Date; summary: string; notes: string; emotionTags: string; }' but required in type 'EventCreateInput'.
src/routes/messengerImport.ts(253,13): error TS2322: Type '{ name: string; role: string; relationshipType: string; notes: string; }' is not assignable to type '(Without<PersonCreateInput, PersonUncheckedCreateInput> & PersonUncheckedCreateInput) | (Without<...> & PersonCreateInput)'.
  Type '{ name: string; role: string; relationshipType: string; notes: string; }' is not assignable to type 'Without<PersonUncheckedCreateInput, PersonCreateInput> & PersonCreateInput'.
    Property 'user' is missing in type '{ name: string; role: string; relationshipType: string; notes: string; }' but required in type 'PersonCreateInput'.
src/routes/messengerImport.ts(282,9): error TS2322: Type '{ type: string; sourceSystem: string; shortDescription: string; transcribedText: string; importedFrom: string; }' is not assignable to type '(Without<ArtifactCreateInput, ArtifactUncheckedCreateInput> & ArtifactUncheckedCreateInput) | (Without<...> & ArtifactCreateInput)'.
  Type '{ type: string; sourceSystem: string; shortDescription: string; transcribedText: string; importedFrom: string; }' is not assignable to type 'Without<ArtifactUncheckedCreateInput, ArtifactCreateInput> & ArtifactCreateInput'.
    Property 'user' is missing in type '{ type: string; sourceSystem: string; shortDescription: string; transcribedText: string; importedFrom: string; }' but required in type 'ArtifactCreateInput'.
src/routes/messengerImport.ts(316,11): error TS2322: Type '{ title: string; date: Date; summary: string; notes: string; emotionTags: string; }' is not assignable to type '(Without<EventCreateInput, EventUncheckedCreateInput> & EventUncheckedCreateInput) | (Without<...> & EventCreateInput)'.
  Type '{ title: string; date: Date; summary: string; notes: string; emotionTags: string; }' is not assignable to type 'Without<EventUncheckedCreateInput, EventCreateInput> & EventCreateInput'.
    Property 'user' is missing in type '{ title: string; date: Date; summary: string; notes: string; emotionTags: string; }' but required in type 'EventCreateInput'.
src/routes/messengerImport.ts(345,9): error TS2322: Type '{ title: string; date: Date; summary: string; notes: string; emotionTags: string; }' is not assignable to type '(Without<EventCreateInput, EventUncheckedCreateInput> & EventUncheckedCreateInput) | (Without<...> & EventCreateInput)'.
  Type '{ title: string; date: Date; summary: string; notes: string; emotionTags: string; }' is not assignable to type 'Without<EventUncheckedCreateInput, EventCreateInput> & EventCreateInput'.
    Property 'user' is missing in type '{ title: string; date: Date; summary: string; notes: string; emotionTags: string; }' but required in type 'EventCreateInput'.
src/routes/ori.ts(1,10): error TS2300: Duplicate identifier 'Router'.
src/routes/ori.ts(1,18): error TS2300: Duplicate identifier 'Request'.
src/routes/ori.ts(1,27): error TS2300: Duplicate identifier 'Response'.
src/routes/ori.ts(3,10): error TS2300: Duplicate identifier 'Router'.
src/routes/ori.ts(3,18): error TS2300: Duplicate identifier 'Request'.
src/routes/ori.ts(3,27): error TS2300: Duplicate identifier 'Response'.
src/routes/smsImport.ts(363,13): error TS2322: Type '{ name: string; role: string; relationshipType: string; notes: string; }' is not assignable to type '(Without<PersonCreateInput, PersonUncheckedCreateInput> & PersonUncheckedCreateInput) | (Without<...> & PersonCreateInput)'.
  Type '{ name: string; role: string; relationshipType: string; notes: string; }' is not assignable to type 'Without<PersonUncheckedCreateInput, PersonCreateInput> & PersonCreateInput'.
    Property 'user' is missing in type '{ name: string; role: string; relationshipType: string; notes: string; }' but required in type 'PersonCreateInput'.
src/routes/smsImport.ts(390,11): error TS2322: Type '{ type: string; sourceSystem: string; shortDescription: string; transcribedText: string; importedFrom: string; }' is not assignable to type '(Without<ArtifactCreateInput, ArtifactUncheckedCreateInput> & ArtifactUncheckedCreateInput) | (Without<...> & ArtifactCreateInput)'.
  Type '{ type: string; sourceSystem: string; shortDescription: string; transcribedText: string; importedFrom: string; }' is not assignable to type 'Without<ArtifactUncheckedCreateInput, ArtifactCreateInput> & ArtifactCreateInput'.
    Property 'user' is missing in type '{ type: string; sourceSystem: string; shortDescription: string; transcribedText: string; importedFrom: string; }' but required in type 'ArtifactCreateInput'.
src/routes/smsImport.ts(426,13): error TS2322: Type '{ title: string; date: Date; summary: string; notes: string; emotionTags: string; }' is not assignable to type '(Without<EventCreateInput, EventUncheckedCreateInput> & EventUncheckedCreateInput) | (Without<...> & EventCreateInput)'.
  Type '{ title: string; date: Date; summary: string; notes: string; emotionTags: string; }' is not assignable to type 'Without<EventUncheckedCreateInput, EventCreateInput> & EventCreateInput'.
    Property 'user' is missing in type '{ title: string; date: Date; summary: string; notes: string; emotionTags: string; }' but required in type 'EventCreateInput'.
src/routes/smsImport.ts(459,11): error TS2322: Type '{ title: string; date: Date; summary: string; notes: string; emotionTags: string; }' is not assignable to type '(Without<EventCreateInput, EventUncheckedCreateInput> & EventUncheckedCreateInput) | (Without<...> & EventCreateInput)'.
  Type '{ title: string; date: Date; summary: string; notes: string; emotionTags: string; }' is not assignable to type 'Without<EventUncheckedCreateInput, EventCreateInput> & EventCreateInput'.
    Property 'user' is missing in type '{ title: string; date: Date; summary: string; notes: string; emotionTags: string; }' but required in type 'EventCreateInput'.
src/routes/uploads.ts(6,8): error TS2300: Duplicate identifier 'sanitize'.
src/routes/uploads.ts(192,7): error TS2322: Type '{ type: string; sourceSystem: any; sourcePathOrUrl: string; shortDescription: any; importedFrom: string; }' is not assignable to type '(Without<ArtifactCreateInput, ArtifactUncheckedCreateInput> & ArtifactUncheckedCreateInput) | (Without<...> & ArtifactCreateInput)'.
  Type '{ type: string; sourceSystem: any; sourcePathOrUrl: string; shortDescription: any; importedFrom: string; }' is not assignable to type 'Without<ArtifactUncheckedCreateInput, ArtifactCreateInput> & ArtifactCreateInput'.
    Property 'user' is missing in type '{ type: string; sourceSystem: any; sourcePathOrUrl: string; shortDescription: any; importedFrom: string; }' but required in type 'ArtifactCreateInput'.
src/routes/uploads.ts(257,9): error TS2322: Type '{ type: string; sourceSystem: any; sourcePathOrUrl: string; shortDescription: string; importedFrom: string; }' is not assignable to type '(Without<ArtifactCreateInput, ArtifactUncheckedCreateInput> & ArtifactUncheckedCreateInput) | (Without<...> & ArtifactCreateInput)'.
  Type '{ type: string; sourceSystem: any; sourcePathOrUrl: string; shortDescription: string; importedFrom: string; }' is not assignable to type 'Without<ArtifactUncheckedCreateInput, ArtifactCreateInput> & ArtifactCreateInput'.
    Property 'user' is missing in type '{ type: string; sourceSystem: any; sourcePathOrUrl: string; shortDescription: string; importedFrom: string; }' but required in type 'ArtifactCreateInput'.
src/routes/uploads.ts(278,8): error TS2300: Duplicate identifier 'sanitize'.
src/routes/uploads.ts(335,7): error TS2322: Type '{ type: string; sourceSystem: any; sourcePathOrUrl: string; shortDescription: any; importedFrom: string; }' is not assignable to type '(Without<ArtifactCreateInput, ArtifactUncheckedCreateInput> & ArtifactUncheckedCreateInput) | (Without<...> & ArtifactCreateInput)'.
  Type '{ type: string; sourceSystem: any; sourcePathOrUrl: string; shortDescription: any; importedFrom: string; }' is not assignable to type 'Without<ArtifactUncheckedCreateInput, ArtifactCreateInput> & ArtifactCreateInput'.
    Property 'user' is missing in type '{ type: string; sourceSystem: any; sourcePathOrUrl: string; shortDescription: any; importedFrom: string; }' but required in type 'ArtifactCreateInput'.
src/routes/uploads.ts(412,7): error TS2322: Type '{ type: string; sourceSystem: any; sourcePathOrUrl: string; shortDescription: any; importedFrom: string; }' is not assignable to type '(Without<ArtifactCreateInput, ArtifactUncheckedCreateInput> & ArtifactUncheckedCreateInput) | (Without<...> & ArtifactCreateInput)'.
  Type '{ type: string; sourceSystem: any; sourcePathOrUrl: string; shortDescription: any; importedFrom: string; }' is not assignable to type 'Without<ArtifactUncheckedCreateInput, ArtifactCreateInput> & ArtifactCreateInput'.
    Property 'user' is missing in type '{ type: string; sourceSystem: any; sourcePathOrUrl: string; shortDescription: any; importedFrom: string; }' but required in type 'ArtifactCreateInput'.
src/routes/uploads.ts(541,7): error TS2322: Type '{ type: string; sourceSystem: any; sourcePathOrUrl: string; shortDescription: any; importedFrom: string; }' is not assignable to type '(Without<ArtifactCreateInput, ArtifactUncheckedCreateInput> & ArtifactUncheckedCreateInput) | (Without<...> & ArtifactCreateInput)'.
  Type '{ type: string; sourceSystem: any; sourcePathOrUrl: string; shortDescription: any; importedFrom: string; }' is not assignable to type 'Without<ArtifactUncheckedCreateInput, ArtifactCreateInput> & ArtifactCreateInput'.
    Property 'user' is missing in type '{ type: string; sourceSystem: any; sourcePathOrUrl: string; shortDescription: any; importedFrom: string; }' but required in type 'ArtifactCreateInput'.
src/routes/uploads.ts(737,17): error TS2322: Type '{ type: string; sourceSystem: any; sourcePathOrUrl: string; shortDescription: string; importedFrom: string; }' is not assignable to type '(Without<ArtifactCreateInput, ArtifactUncheckedCreateInput> & ArtifactUncheckedCreateInput) | (Without<...> & ArtifactCreateInput)'.
  Type '{ type: string; sourceSystem: any; sourcePathOrUrl: string; shortDescription: string; importedFrom: string; }' is not assignable to type 'Without<ArtifactUncheckedCreateInput, ArtifactCreateInput> & ArtifactCreateInput'.
    Property 'user' is missing in type '{ type: string; sourceSystem: any; sourcePathOrUrl: string; shortDescription: string; importedFrom: string; }' but required in type 'ArtifactCreateInput'.
src/routes/uploads.ts(804,13): error TS2322: Type '{ type: string; sourceSystem: any; sourcePathOrUrl: string; shortDescription: string; importedFrom: string; }' is not assignable to type '(Without<ArtifactCreateInput, ArtifactUncheckedCreateInput> & ArtifactUncheckedCreateInput) | (Without<...> & ArtifactCreateInput)'.
  Type '{ type: string; sourceSystem: any; sourcePathOrUrl: string; shortDescription: string; importedFrom: string; }' is not assignable to type 'Without<ArtifactUncheckedCreateInput, ArtifactCreateInput> & ArtifactCreateInput'.
    Property 'user' is missing in type '{ type: string; sourceSystem: any; sourcePathOrUrl: string; shortDescription: string; importedFrom: string; }' but required in type 'ArtifactCreateInput'.
